Archive member included to satisfy reference by file (symbol)

d:/gnu tools for arm embedded processors/5.4 2016q3/bin/../lib/gcc/arm-none-eabi/5.4.1/../../../../arm-none-eabi/lib/armv7-m\libc_nano.a(lib_a-exit.o)
                              d:/gnu tools for arm embedded processors/5.4 2016q3/bin/../lib/gcc/arm-none-eabi/5.4.1/../../../../arm-none-eabi/lib/armv7-m/crt0.o (exit)
d:/gnu tools for arm embedded processors/5.4 2016q3/bin/../lib/gcc/arm-none-eabi/5.4.1/../../../../arm-none-eabi/lib/armv7-m\libc_nano.a(lib_a-impure.o)
                              d:/gnu tools for arm embedded processors/5.4 2016q3/bin/../lib/gcc/arm-none-eabi/5.4.1/../../../../arm-none-eabi/lib/armv7-m\libc_nano.a(lib_a-exit.o) (_global_impure_ptr)
d:/gnu tools for arm embedded processors/5.4 2016q3/bin/../lib/gcc/arm-none-eabi/5.4.1/../../../../arm-none-eabi/lib/armv7-m\libc_nano.a(lib_a-init.o)
                              d:/gnu tools for arm embedded processors/5.4 2016q3/bin/../lib/gcc/arm-none-eabi/5.4.1/../../../../arm-none-eabi/lib/armv7-m/crt0.o (__libc_init_array)
d:/gnu tools for arm embedded processors/5.4 2016q3/bin/../lib/gcc/arm-none-eabi/5.4.1/../../../../arm-none-eabi/lib/armv7-m\libc_nano.a(lib_a-memset.o)
                              d:/gnu tools for arm embedded processors/5.4 2016q3/bin/../lib/gcc/arm-none-eabi/5.4.1/../../../../arm-none-eabi/lib/armv7-m/crt0.o (memset)
d:/gnu tools for arm embedded processors/5.4 2016q3/bin/../lib/gcc/arm-none-eabi/5.4.1/../../../../arm-none-eabi/lib/armv7-m\libnosys.a(_exit.o)
                              d:/gnu tools for arm embedded processors/5.4 2016q3/bin/../lib/gcc/arm-none-eabi/5.4.1/../../../../arm-none-eabi/lib/armv7-m\libc_nano.a(lib_a-exit.o) (_exit)
d:/gnu tools for arm embedded processors/5.4 2016q3/bin/../lib/gcc/arm-none-eabi/5.4.1/armv7-m\libgcc.a(unwind-arm.o)
                              build/RFID_low_level.o (__aeabi_unwind_cpp_pr0)
d:/gnu tools for arm embedded processors/5.4 2016q3/bin/../lib/gcc/arm-none-eabi/5.4.1/armv7-m\libgcc.a(libunwind.o)
                              d:/gnu tools for arm embedded processors/5.4 2016q3/bin/../lib/gcc/arm-none-eabi/5.4.1/armv7-m\libgcc.a(unwind-arm.o) (restore_core_regs)
d:/gnu tools for arm embedded processors/5.4 2016q3/bin/../lib/gcc/arm-none-eabi/5.4.1/armv7-m\libgcc.a(pr-support.o)
                              d:/gnu tools for arm embedded processors/5.4 2016q3/bin/../lib/gcc/arm-none-eabi/5.4.1/armv7-m\libgcc.a(unwind-arm.o) (__gnu_unwind_execute)
d:/gnu tools for arm embedded processors/5.4 2016q3/bin/../lib/gcc/arm-none-eabi/5.4.1/../../../../arm-none-eabi/lib/armv7-m\libc_nano.a(lib_a-abort.o)
                              d:/gnu tools for arm embedded processors/5.4 2016q3/bin/../lib/gcc/arm-none-eabi/5.4.1/armv7-m\libgcc.a(unwind-arm.o) (abort)
d:/gnu tools for arm embedded processors/5.4 2016q3/bin/../lib/gcc/arm-none-eabi/5.4.1/../../../../arm-none-eabi/lib/armv7-m\libc_nano.a(lib_a-memcpy-stub.o)
                              d:/gnu tools for arm embedded processors/5.4 2016q3/bin/../lib/gcc/arm-none-eabi/5.4.1/armv7-m\libgcc.a(unwind-arm.o) (memcpy)
d:/gnu tools for arm embedded processors/5.4 2016q3/bin/../lib/gcc/arm-none-eabi/5.4.1/../../../../arm-none-eabi/lib/armv7-m\libc_nano.a(lib_a-signal.o)
                              d:/gnu tools for arm embedded processors/5.4 2016q3/bin/../lib/gcc/arm-none-eabi/5.4.1/../../../../arm-none-eabi/lib/armv7-m\libc_nano.a(lib_a-abort.o) (raise)
d:/gnu tools for arm embedded processors/5.4 2016q3/bin/../lib/gcc/arm-none-eabi/5.4.1/../../../../arm-none-eabi/lib/armv7-m\libc_nano.a(lib_a-signalr.o)
                              d:/gnu tools for arm embedded processors/5.4 2016q3/bin/../lib/gcc/arm-none-eabi/5.4.1/../../../../arm-none-eabi/lib/armv7-m\libc_nano.a(lib_a-signal.o) (_kill_r)
d:/gnu tools for arm embedded processors/5.4 2016q3/bin/../lib/gcc/arm-none-eabi/5.4.1/../../../../arm-none-eabi/lib/armv7-m\libc_nano.a(lib_a-nano-mallocr.o)
                              d:/gnu tools for arm embedded processors/5.4 2016q3/bin/../lib/gcc/arm-none-eabi/5.4.1/../../../../arm-none-eabi/lib/armv7-m\libc_nano.a(lib_a-signal.o) (_malloc_r)
d:/gnu tools for arm embedded processors/5.4 2016q3/bin/../lib/gcc/arm-none-eabi/5.4.1/../../../../arm-none-eabi/lib/armv7-m\libc_nano.a(lib_a-reent.o)
                              d:/gnu tools for arm embedded processors/5.4 2016q3/bin/../lib/gcc/arm-none-eabi/5.4.1/../../../../arm-none-eabi/lib/armv7-m\libc_nano.a(lib_a-signalr.o) (errno)
d:/gnu tools for arm embedded processors/5.4 2016q3/bin/../lib/gcc/arm-none-eabi/5.4.1/../../../../arm-none-eabi/lib/armv7-m\libc_nano.a(lib_a-sbrkr.o)
                              d:/gnu tools for arm embedded processors/5.4 2016q3/bin/../lib/gcc/arm-none-eabi/5.4.1/../../../../arm-none-eabi/lib/armv7-m\libc_nano.a(lib_a-nano-mallocr.o) (_sbrk_r)
[...]
Memory Configuration

Name             Origin             Length             Attributes
RAM              0x20000000         0x00005000         xrw
FLASH            0x08000000         0x00020000         xr
*default*        0x00000000         0xffffffff

Linker script and memory map

LOAD d:/gnu tools for arm embedded processors/5.4 2016q3/bin/../lib/gcc/arm-none-eabi/5.4.1/armv7-m/crti.o
LOAD d:/gnu tools for arm embedded processors/5.4 2016q3/bin/../lib/gcc/arm-none-eabi/5.4.1/armv7-m/crtbegin.o
LOAD d:/gnu tools for arm embedded processors/5.4 2016q3/bin/../lib/gcc/arm-none-eabi/5.4.1/../../../../arm-none-eabi/lib/armv7-m/crt0.o
LOAD build/main.o
LOAD build/stm32f1xx_it.o
LOAD build/stm32f1xx_hal_msp.o
LOAD build/stm32f1xx_hal_gpio_ex.o
LOAD build/stm32f1xx_hal_tim.o
LOAD build/stm32f1xx_hal_tim_ex.o
LOAD build/stm32f1xx_hal_uart.o
LOAD build/stm32f1xx_hal.o
LOAD build/stm32f1xx_hal_rcc.o
LOAD build/stm32f1xx_hal_rcc_ex.o
LOAD build/stm32f1xx_hal_gpio.o
LOAD build/stm32f1xx_hal_dma.o
LOAD build/stm32f1xx_hal_cortex.o
LOAD build/stm32f1xx_hal_pwr.o
LOAD build/stm32f1xx_hal_flash.o
LOAD build/stm32f1xx_hal_flash_ex.o
LOAD build/stm32f1xx_hal_exti.o
LOAD build/system_stm32f1xx.o
LOAD build/gpio.o
LOAD build/usart.o
LOAD build/start.o
LOAD build/RFID_low_level.o
LOAD build/startup_stm32f103xb.o
LOAD d:/gnu tools for arm embedded processors/5.4 2016q3/bin/../lib/gcc/arm-none-eabi/5.4.1/../../../../arm-none-eabi/lib/armv7-m\libc_nano.a
LOAD d:/gnu tools for arm embedded processors/5.4 2016q3/bin/../lib/gcc/arm-none-eabi/5.4.1/../../../../arm-none-eabi/lib/armv7-m\libm.a
LOAD d:/gnu tools for arm embedded processors/5.4 2016q3/bin/../lib/gcc/arm-none-eabi/5.4.1/../../../../arm-none-eabi/lib/armv7-m\libnosys.a
START GROUP
LOAD d:/gnu tools for arm embedded processors/5.4 2016q3/bin/../lib/gcc/arm-none-eabi/5.4.1/armv7-m\libgcc.a
LOAD d:/gnu tools for arm embedded processors/5.4 2016q3/bin/../lib/gcc/arm-none-eabi/5.4.1/../../../../arm-none-eabi/lib/armv7-m\libc_nano.a
END GROUP
START GROUP
LOAD d:/gnu tools for arm embedded processors/5.4 2016q3/bin/../lib/gcc/arm-none-eabi/5.4.1/armv7-m\libgcc.a
LOAD d:/gnu tools for arm embedded processors/5.4 2016q3/bin/../lib/gcc/arm-none-eabi/5.4.1/../../../../arm-none-eabi/lib/armv7-m\libc_nano.a
LOAD d:/gnu tools for arm embedded processors/5.4 2016q3/bin/../lib/gcc/arm-none-eabi/5.4.1/../../../../arm-none-eabi/lib/armv7-m\libnosys.a
END GROUP
START GROUP
LOAD d:/gnu tools for arm embedded processors/5.4 2016q3/bin/../lib/gcc/arm-none-eabi/5.4.1/armv7-m\libgcc.a
LOAD d:/gnu tools for arm embedded processors/5.4 2016q3/bin/../lib/gcc/arm-none-eabi/5.4.1/../../../../arm-none-eabi/lib/armv7-m\libc_nano.a
LOAD d:/gnu tools for arm embedded processors/5.4 2016q3/bin/../lib/gcc/arm-none-eabi/5.4.1/../../../../arm-none-eabi/lib/armv7-m\libnosys.a
END GROUP
LOAD d:/gnu tools for arm embedded processors/5.4 2016q3/bin/../lib/gcc/arm-none-eabi/5.4.1/armv7-m/crtend.o
LOAD d:/gnu tools for arm embedded processors/5.4 2016q3/bin/../lib/gcc/arm-none-eabi/5.4.1/armv7-m/crtn.o
                0x20005000                _estack = (ORIGIN (RAM) + LENGTH (RAM))
                0x00000200                _Min_Heap_Size = 0x200
                0x00000400                _Min_Stack_Size = 0x400

.isr_vector     0x08000000      0x10c
                0x08000000                . = ALIGN (0x4)
 *(.isr_vector)
 .isr_vector    0x08000000      0x10c build/startup_stm32f103xb.o
                0x08000000                g_pfnVectors
                0x0800010c                . = ALIGN (0x4)

.text           0x0800010c     0x1340
                0x0800010c                . = ALIGN (0x4)
 *(.text)
 .text          0x0800010c       0x5c d:/gnu tools for arm embedded processors/5.4 2016q3/bin/../lib/gcc/arm-none-eabi/5.4.1/armv7-m/crtbegin.o
 *(.text*)
 .text.Error_Handler
                0x08000168        0x4 build/main.o
                0x08000168                Error_Handler
 .text.SystemClock_Config
                0x0800016c       0x64 build/main.o
                0x0800016c                SystemClock_Config
 .text.main     0x080001d0       0x14 build/main.o
                0x080001d0                main
 .text.NMI_Handler
                0x080001e4        0x4 build/stm32f1xx_it.o
                0x080001e4                NMI_Handler
 .text.HardFault_Handler
                0x080001e8        0x4 build/stm32f1xx_it.o
                0x080001e8                HardFault_Handler
 .text.MemManage_Handler
                0x080001ec        0x4 build/stm32f1xx_it.o
                0x080001ec                MemManage_Handler
 .text.BusFault_Handler
                0x080001f0        0x4 build/stm32f1xx_it.o
                0x080001f0                BusFault_Handler
 .text.UsageFault_Handler
                0x080001f4        0x4 build/stm32f1xx_it.o
                0x080001f4                UsageFault_Handler
 .text.SVC_Handler
                0x080001f8        0x4 build/stm32f1xx_it.o
                0x080001f8                SVC_Handler
 .text.DebugMon_Handler
                0x080001fc        0x4 build/stm32f1xx_it.o
                0x080001fc                DebugMon_Handler
 .text.PendSV_Handler
                0x08000200        0x4 build/stm32f1xx_it.o
                0x08000200                PendSV_Handler
 .text.SysTick_Handler
                0x08000204        0x8 build/stm32f1xx_it.o
                0x08000204                SysTick_Handler
 .text.USART1_IRQHandler
                0x0800020c       0x10 build/stm32f1xx_it.o
                0x0800020c                USART1_IRQHandler
 .text.HAL_MspInit
                0x0800021c       0x44 build/stm32f1xx_hal_msp.o
                0x0800021c                HAL_MspInit
 .text.UART_EndRxTransfer
                0x08000260       0x5c build/stm32f1xx_hal_uart.o
 .text.UART_Transmit_IT
                0x080002bc       0x64 build/stm32f1xx_hal_uart.o
 .text.UART_SetConfig
                0x08000320       0x90 build/stm32f1xx_hal_uart.o
 .text.HAL_UART_Init
                0x080003b0       0x64 build/stm32f1xx_hal_uart.o
                0x080003b0                HAL_UART_Init
 .text.HAL_UART_TxCpltCallback
                0x08000414        0x4 build/stm32f1xx_hal_uart.o
                0x08000414                HAL_UART_TxCpltCallback
 .text.UART_EndTransmit_IT
                0x08000418       0x1c build/stm32f1xx_hal_uart.o
 .text.HAL_UART_RxCpltCallback
                0x08000434        0x4 build/stm32f1xx_hal_uart.o
                0x08000434                HAL_UART_RxCpltCallback
 .text.HAL_UART_ErrorCallback
                0x08000438        0x4 build/stm32f1xx_hal_uart.o
                0x08000438                HAL_UART_ErrorCallback
 .text.UART_DMAAbortOnError
                0x0800043c       0x10 build/stm32f1xx_hal_uart.o
 .text.HAL_UARTEx_RxEventCallback
                0x0800044c        0x4 build/stm32f1xx_hal_uart.o
                0x0800044c                HAL_UARTEx_RxEventCallback
 .text.UART_Receive_IT
                0x08000450       0xe4 build/stm32f1xx_hal_uart.o
 .text.HAL_UART_IRQHandler
                0x08000534      0x284 build/stm32f1xx_hal_uart.o
                0x08000534                HAL_UART_IRQHandler
 .text.HAL_InitTick
                0x080007b8       0x4c build/stm32f1xx_hal.o
                0x080007b8                HAL_InitTick
 .text.HAL_Init
                0x08000804       0x24 build/stm32f1xx_hal.o
                0x08000804                HAL_Init
 .text.HAL_IncTick
                0x08000828       0x18 build/stm32f1xx_hal.o
                0x08000828                HAL_IncTick
 .text.HAL_GetTick
                0x08000840        0xc build/stm32f1xx_hal.o
                0x08000840                HAL_GetTick
 .text.RCC_Delay
                0x0800084c       0x2c build/stm32f1xx_hal_rcc.o
 .text.HAL_RCC_OscConfig
                0x08000878      0x434 build/stm32f1xx_hal_rcc.o
                0x08000878                HAL_RCC_OscConfig
 .text.HAL_RCC_GetSysClockFreq
                0x08000cac       0x54 build/stm32f1xx_hal_rcc.o
                0x08000cac                HAL_RCC_GetSysClockFreq
 .text.HAL_RCC_ClockConfig
                0x08000d00      0x170 build/stm32f1xx_hal_rcc.o
                0x08000d00                HAL_RCC_ClockConfig
 .text.HAL_RCC_GetHCLKFreq
                0x08000e70        0xc build/stm32f1xx_hal_rcc.o
                0x08000e70                HAL_RCC_GetHCLKFreq
 .text.HAL_RCC_GetPCLK1Freq
                0x08000e7c       0x20 build/stm32f1xx_hal_rcc.o
                0x08000e7c                HAL_RCC_GetPCLK1Freq
 .text.HAL_RCC_GetPCLK2Freq
                0x08000e9c       0x20 build/stm32f1xx_hal_rcc.o
                0x08000e9c                HAL_RCC_GetPCLK2Freq
 .text.HAL_GPIO_Init
                0x08000ebc      0x1dc build/stm32f1xx_hal_gpio.o
                0x08000ebc                HAL_GPIO_Init
 .text.HAL_GPIO_WritePin
                0x08001098        0xc build/stm32f1xx_hal_gpio.o
                0x08001098                HAL_GPIO_WritePin
 .text.HAL_DMA_Abort
                0x080010a4       0x48 build/stm32f1xx_hal_dma.o
                0x080010a4                HAL_DMA_Abort
 .text.HAL_DMA_Abort_IT
                0x080010ec       0x98 build/stm32f1xx_hal_dma.o
                0x080010ec                HAL_DMA_Abort_IT
 .text.HAL_NVIC_SetPriorityGrouping
                0x08001184       0x24 build/stm32f1xx_hal_cortex.o
                0x08001184                HAL_NVIC_SetPriorityGrouping
 .text.HAL_NVIC_SetPriority
                0x080011a8       0x64 build/stm32f1xx_hal_cortex.o
                0x080011a8                HAL_NVIC_SetPriority
 .text.HAL_NVIC_EnableIRQ
                0x0800120c       0x1c build/stm32f1xx_hal_cortex.o
                0x0800120c                HAL_NVIC_EnableIRQ
 .text.HAL_SYSTICK_Config
                0x08001228       0x2c build/stm32f1xx_hal_cortex.o
                0x08001228                HAL_SYSTICK_Config
 .text.SystemInit
                0x08001254        0x4 build/system_stm32f1xx.o
                0x08001254                SystemInit
 .text.MX_GPIO_Init
                0x08001258       0x78 build/gpio.o
                0x08001258                MX_GPIO_Init
 .text.MX_USART1_UART_Init
                0x080012d0       0x34 build/usart.o
                0x080012d0                MX_USART1_UART_Init
 .text.HAL_UART_MspInit
                0x08001304       0x88 build/usart.o
                0x08001304                HAL_UART_MspInit
 .text.Reset_Handler
                0x0800138c       0x48 build/startup_stm32f103xb.o
                0x0800138c                Reset_Handler
 .text.Default_Handler
                0x080013d4        0x2 build/startup_stm32f103xb.o
                0x080013d4                RTC_Alarm_IRQHandler
                0x080013d4                EXTI2_IRQHandler
                0x080013d4                TIM1_CC_IRQHandler
                0x080013d4                PVD_IRQHandler
                0x080013d4                EXTI3_IRQHandler
                0x080013d4                EXTI0_IRQHandler
                0x080013d4                I2C2_EV_IRQHandler
                0x080013d4                ADC1_2_IRQHandler
                0x080013d4                SPI1_IRQHandler
                0x080013d4                TAMPER_IRQHandler
                0x080013d4                DMA1_Channel4_IRQHandler
                0x080013d4                USART3_IRQHandler
                0x080013d4                RTC_IRQHandler
                0x080013d4                DMA1_Channel7_IRQHandler
                0x080013d4                CAN1_RX1_IRQHandler
                0x080013d4                TIM4_IRQHandler
                0x080013d4                I2C1_EV_IRQHandler
                0x080013d4                DMA1_Channel6_IRQHandler
                0x080013d4                TIM3_IRQHandler
                0x080013d4                RCC_IRQHandler
                0x080013d4                TIM1_TRG_COM_IRQHandler
                0x080013d4                DMA1_Channel1_IRQHandler
                0x080013d4                Default_Handler
                0x080013d4                EXTI15_10_IRQHandler
                0x080013d4                EXTI9_5_IRQHandler
                0x080013d4                SPI2_IRQHandler
                0x080013d4                DMA1_Channel5_IRQHandler
                0x080013d4                EXTI4_IRQHandler
                0x080013d4                USB_LP_CAN1_RX0_IRQHandler
                0x080013d4                USB_HP_CAN1_TX_IRQHandler
                0x080013d4                DMA1_Channel3_IRQHandler
                0x080013d4                TIM1_UP_IRQHandler
                0x080013d4                WWDG_IRQHandler
                0x080013d4                TIM2_IRQHandler
                0x080013d4                TIM1_BRK_IRQHandler
                0x080013d4                EXTI1_IRQHandler
                0x080013d4                USART2_IRQHandler
                0x080013d4                I2C2_ER_IRQHandler
                0x080013d4                DMA1_Channel2_IRQHandler
                0x080013d4                CAN1_SCE_IRQHandler
                0x080013d4                FLASH_IRQHandler
                0x080013d4                I2C1_ER_IRQHandler
                0x080013d4                USBWakeUp_IRQHandler
 *fill*         0x080013d6        0x2 
 .text.__libc_init_array
                0x080013d8       0x4c d:/gnu tools for arm embedded processors/5.4 2016q3/bin/../lib/gcc/arm-none-eabi/5.4.1/../../../../arm-none-eabi/lib/armv7-m\libc_nano.a(lib_a-init.o)
                0x080013d8                __libc_init_array
 .text.memset   0x08001424       0x10 d:/gnu tools for arm embedded processors/5.4 2016q3/bin/../lib/gcc/arm-none-eabi/5.4.1/../../../../arm-none-eabi/lib/armv7-m\libc_nano.a(lib_a-memset.o)
                0x08001424                memset
 *(.glue_7)
 .glue_7        0x08001434        0x0 linker stubs
 *(.glue_7t)
 .glue_7t       0x08001434        0x0 linker stubs
 *(.eh_frame)
 .eh_frame      0x08001434        0x0 d:/gnu tools for arm embedded processors/5.4 2016q3/bin/../lib/gcc/arm-none-eabi/5.4.1/armv7-m/crtbegin.o
 *(.init)
 .init          0x08001434        0x4 d:/gnu tools for arm embedded processors/5.4 2016q3/bin/../lib/gcc/arm-none-eabi/5.4.1/armv7-m/crti.o
                0x08001434                _init
 .init          0x08001438        0x8 d:/gnu tools for arm embedded processors/5.4 2016q3/bin/../lib/gcc/arm-none-eabi/5.4.1/armv7-m/crtn.o
 *(.fini)
 .fini          0x08001440        0x4 d:/gnu tools for arm embedded processors/5.4 2016q3/bin/../lib/gcc/arm-none-eabi/5.4.1/armv7-m/crti.o
                0x08001440                _fini
 .fini          0x08001444        0x8 d:/gnu tools for arm embedded processors/5.4 2016q3/bin/../lib/gcc/arm-none-eabi/5.4.1/armv7-m/crtn.o
                0x0800144c                . = ALIGN (0x4)
                0x0800144c                _etext = .

.vfp11_veneer   0x0800144c        0x0
 .vfp11_veneer  0x0800144c        0x0 linker stubs

.v4_bx          0x0800144c        0x0
 .v4_bx         0x0800144c        0x0 linker stubs

.iplt           0x0800144c        0x0
 .iplt          0x0800144c        0x0 d:/gnu tools for arm embedded processors/5.4 2016q3/bin/../lib/gcc/arm-none-eabi/5.4.1/armv7-m/crtbegin.o

.rodata         0x0800144c       0x2c
                0x0800144c                . = ALIGN (0x4)
 *(.rodata)
 *(.rodata*)
 .rodata.aPredivFactorTable.5690
                0x0800144c        0x2 build/stm32f1xx_hal_rcc.o
 *fill*         0x0800144e        0x2 
 .rodata.aPLLMULFactorTable.5689
                0x08001450       0x10 build/stm32f1xx_hal_rcc.o
 .rodata.AHBPrescTable
                0x08001460       0x10 build/system_stm32f1xx.o
                0x08001460                AHBPrescTable
 .rodata.APBPrescTable
                0x08001470        0x8 build/system_stm32f1xx.o
                0x08001470                APBPrescTable
                0x08001478                . = ALIGN (0x4)

.rel.dyn        0x08001478        0x0
 .rel.iplt      0x08001478        0x0 d:/gnu tools for arm embedded processors/5.4 2016q3/bin/../lib/gcc/arm-none-eabi/5.4.1/armv7-m/crtbegin.o

.ARM.extab
 *(.ARM.extab* .gnu.linkonce.armextab.*)

.ARM            0x08001478        0x0
                0x08001478                __exidx_start = .
 *(.ARM.exidx*)
                0x08001478                __exidx_end = .

.preinit_array  0x08001478        0x0
                0x08001478                PROVIDE (__preinit_array_start, .)
 *(.preinit_array*)
                0x08001478                PROVIDE (__preinit_array_end, .)

.init_array     0x08001478        0x4
                0x08001478                PROVIDE (__init_array_start, .)
 *(SORT(.init_array.*))
 *(.init_array*)
 .init_array    0x08001478        0x4 d:/gnu tools for arm embedded processors/5.4 2016q3/bin/../lib/gcc/arm-none-eabi/5.4.1/armv7-m/crtbegin.o
                0x0800147c                PROVIDE (__init_array_end, .)

.fini_array     0x0800147c        0x4
                [!provide]                PROVIDE (__fini_array_start, .)
 *(SORT(.fini_array.*))
 *(.fini_array*)
 .fini_array    0x0800147c        0x4 d:/gnu tools for arm embedded processors/5.4 2016q3/bin/../lib/gcc/arm-none-eabi/5.4.1/armv7-m/crtbegin.o
                [!provide]                PROVIDE (__fini_array_end, .)
                0x08001480                _sidata = LOADADDR (.data)

.data           0x20000000        0xc load address 0x08001480
                0x20000000                . = ALIGN (0x4)
                0x20000000                _sdata = .
 *(.data)
 *(.data*)
 .data.uwTickPrio
                0x20000000        0x4 build/stm32f1xx_hal.o
                0x20000000                uwTickPrio
 .data.uwTickFreq
                0x20000004        0x1 build/stm32f1xx_hal.o
                0x20000004                uwTickFreq
 *fill*         0x20000005        0x3 
 .data.SystemCoreClock
                0x20000008        0x4 build/system_stm32f1xx.o
                0x20000008                SystemCoreClock
                0x2000000c                . = ALIGN (0x4)
                0x2000000c                _edata = .

.jcr            0x2000000c        0x0 load address 0x0800148c
 .jcr           0x2000000c        0x0 d:/gnu tools for arm embedded processors/5.4 2016q3/bin/../lib/gcc/arm-none-eabi/5.4.1/armv7-m/crtbegin.o

.igot.plt       0x2000000c        0x0 load address 0x0800148c
 .igot.plt      0x2000000c        0x0 d:/gnu tools for arm embedded processors/5.4 2016q3/bin/../lib/gcc/arm-none-eabi/5.4.1/armv7-m/crtbegin.o
                0x2000000c                . = ALIGN (0x4)

.bss            0x2000000c       0x68 load address 0x0800148c
                0x2000000c                _sbss = .
                0x2000000c                __bss_start__ = _sbss
 *(.bss)
 .bss           0x2000000c       0x1c d:/gnu tools for arm embedded processors/5.4 2016q3/bin/../lib/gcc/arm-none-eabi/5.4.1/armv7-m/crtbegin.o
 *(.bss*)
 *(COMMON)
 COMMON         0x20000028        0x4 build/stm32f1xx_hal.o
                0x20000028                uwTick
 COMMON         0x2000002c       0x48 build/usart.o
                0x2000002c                huart1
                0x20000074                . = ALIGN (0x4)
                0x20000074                _ebss = .
                0x20000074                __bss_end__ = _ebss

._user_heap_stack
                0x20000074      0x604 load address 0x0800148c
                0x20000078                . = ALIGN (0x8)
 *fill*         0x20000074        0x4 
                0x20000078                PROVIDE (end, .)
                [!provide]                PROVIDE (_end, .)
                0x20000278                . = (. + _Min_Heap_Size)
 *fill*         0x20000078      0x200 
                0x20000678                . = (. + _Min_Stack_Size)
 *fill*         0x20000278      0x400 
                0x20000678                . = ALIGN (0x8)

/DISCARD/
 libc.a(*)
 libm.a(*)
 libgcc.a(*)

.ARM.attributes
                0x00000000       0x29
 *(.ARM.attributes)
 .ARM.attributes
                0x00000000       0x1d d:/gnu tools for arm embedded processors/5.4 2016q3/bin/../lib/gcc/arm-none-eabi/5.4.1/armv7-m/crti.o
 .ARM.attributes
                0x0000001d       0x2d d:/gnu tools for arm embedded processors/5.4 2016q3/bin/../lib/gcc/arm-none-eabi/5.4.1/armv7-m/crtbegin.o
 .ARM.attributes
                0x0000004a       0x33 build/main.o
 .ARM.attributes
                0x0000007d       0x33 build/stm32f1xx_it.o
 .ARM.attributes
                0x000000b0       0x33 build/stm32f1xx_hal_msp.o
 .ARM.attributes
                0x000000e3       0x33 build/stm32f1xx_hal_uart.o
 .ARM.attributes
                0x00000116       0x33 build/stm32f1xx_hal.o
 .ARM.attributes
                0x00000149       0x33 build/stm32f1xx_hal_rcc.o
 .ARM.attributes
                0x0000017c       0x33 build/stm32f1xx_hal_gpio.o
 .ARM.attributes
                0x000001af       0x33 build/stm32f1xx_hal_dma.o
 .ARM.attributes
                0x000001e2       0x33 build/stm32f1xx_hal_cortex.o
 .ARM.attributes
                0x00000215       0x33 build/system_stm32f1xx.o
 .ARM.attributes
                0x00000248       0x33 build/gpio.o
 .ARM.attributes
                0x0000027b       0x33 build/usart.o
 .ARM.attributes
                0x000002ae       0x21 build/startup_stm32f103xb.o
 .ARM.attributes
                0x000002cf       0x2d d:/gnu tools for arm embedded processors/5.4 2016q3/bin/../lib/gcc/arm-none-eabi/5.4.1/../../../../arm-none-eabi/lib/armv7-m\libc_nano.a(lib_a-init.o)
 .ARM.attributes
                0x000002fc       0x2d d:/gnu tools for arm embedded processors/5.4 2016q3/bin/../lib/gcc/arm-none-eabi/5.4.1/../../../../arm-none-eabi/lib/armv7-m\libc_nano.a(lib_a-memset.o)
 .ARM.attributes
                0x00000329       0x1d d:/gnu tools for arm embedded processors/5.4 2016q3/bin/../lib/gcc/arm-none-eabi/5.4.1/armv7-m/crtn.o
OUTPUT(build/STM32RFID2.elf elf32-littlearm)

.debug_info     0x00000000     0x84ae
 .debug_info    0x00000000      0x35c build/main.o
 .debug_info    0x0000035c      0x6c1 build/stm32f1xx_it.o
 .debug_info    0x00000a1d      0x24d build/stm32f1xx_hal_msp.o
 .debug_info    0x00000c6a     0x3a28 build/stm32f1xx_hal_uart.o
 .debug_info    0x00004692      0x7fc build/stm32f1xx_hal.o
 .debug_info    0x00004e8e      0xa69 build/stm32f1xx_hal_rcc.o
 .debug_info    0x000058f7      0x65c build/stm32f1xx_hal_gpio.o
 .debug_info    0x00005f53      0x833 build/stm32f1xx_hal_dma.o
 .debug_info    0x00006786      0xcd9 build/stm32f1xx_hal_cortex.o
 .debug_info    0x0000745f      0x25d build/system_stm32f1xx.o
 .debug_info    0x000076bc      0x335 build/gpio.o
 .debug_info    0x000079f1      0xa61 build/usart.o
 .debug_info    0x00008452       0x5c build/startup_stm32f103xb.o

.debug_abbrev   0x00000000     0x1648
 .debug_abbrev  0x00000000      0x17a build/main.o
 .debug_abbrev  0x0000017a      0x16e build/stm32f1xx_it.o
 .debug_abbrev  0x000002e8       0xd8 build/stm32f1xx_hal_msp.o
 .debug_abbrev  0x000003c0      0x2fd build/stm32f1xx_hal_uart.o
 .debug_abbrev  0x000006bd      0x1dd build/stm32f1xx_hal.o
 .debug_abbrev  0x0000089a      0x28c build/stm32f1xx_hal_rcc.o
 .debug_abbrev  0x00000b26      0x1f9 build/stm32f1xx_hal_gpio.o
 .debug_abbrev  0x00000d1f      0x21d build/stm32f1xx_hal_dma.o
 .debug_abbrev  0x00000f3c      0x2ee build/stm32f1xx_hal_cortex.o
 .debug_abbrev  0x0000122a      0x124 build/system_stm32f1xx.o
 .debug_abbrev  0x0000134e      0x136 build/gpio.o
 .debug_abbrev  0x00001484      0x1b2 build/usart.o
 .debug_abbrev  0x00001636       0x12 build/startup_stm32f103xb.o

.debug_loc      0x00000000     0x51e0
 .debug_loc     0x00000000       0x59 build/main.o
 .debug_loc     0x00000059       0x40 build/stm32f1xx_it.o
 .debug_loc     0x00000099       0x2c build/stm32f1xx_hal_msp.o
 .debug_loc     0x000000c5     0x3589 build/stm32f1xx_hal_uart.o
 .debug_loc     0x0000364e      0x1bb build/stm32f1xx_hal.o
 .debug_loc     0x00003809      0x6b1 build/stm32f1xx_hal_rcc.o
 .debug_loc     0x00003eba      0x3a6 build/stm32f1xx_hal_gpio.o
 .debug_loc     0x00004260      0x810 build/stm32f1xx_hal_dma.o
 .debug_loc     0x00004a70      0x59f build/stm32f1xx_hal_cortex.o
 .debug_loc     0x0000500f       0xdf build/system_stm32f1xx.o
 .debug_loc     0x000050ee       0x38 build/gpio.o
 .debug_loc     0x00005126       0xba build/usart.o

.debug_aranges  0x00000000      0x638
 .debug_aranges
                0x00000000       0x30 build/main.o
 .debug_aranges
                0x00000030       0x68 build/stm32f1xx_it.o
 .debug_aranges
                0x00000098       0x20 build/stm32f1xx_hal_msp.o
 .debug_aranges
                0x000000b8      0x208 build/stm32f1xx_hal_uart.o
 .debug_aranges
                0x000002c0       0xe0 build/stm32f1xx_hal.o
 .debug_aranges
                0x000003a0       0x90 build/stm32f1xx_hal_rcc.o
 .debug_aranges
                0x00000430       0x58 build/stm32f1xx_hal_gpio.o
 .debug_aranges
                0x00000488       0x80 build/stm32f1xx_hal_dma.o
 .debug_aranges
                0x00000508       0x90 build/stm32f1xx_hal_cortex.o
 .debug_aranges
                0x00000598       0x28 build/system_stm32f1xx.o
 .debug_aranges
                0x000005c0       0x20 build/gpio.o
 .debug_aranges
                0x000005e0       0x30 build/usart.o
 .debug_aranges
                0x00000610       0x28 build/startup_stm32f103xb.o

.debug_ranges   0x00000000      0x5d0
 .debug_ranges  0x00000000       0x20 build/main.o
 .debug_ranges  0x00000020       0x58 build/stm32f1xx_it.o
 .debug_ranges  0x00000078       0x10 build/stm32f1xx_hal_msp.o
 .debug_ranges  0x00000088      0x240 build/stm32f1xx_hal_uart.o
 .debug_ranges  0x000002c8       0xd0 build/stm32f1xx_hal.o
 .debug_ranges  0x00000398       0x98 build/stm32f1xx_hal_rcc.o
 .debug_ranges  0x00000430       0x48 build/stm32f1xx_hal_gpio.o
 .debug_ranges  0x00000478       0x70 build/stm32f1xx_hal_dma.o
 .debug_ranges  0x000004e8       0x80 build/stm32f1xx_hal_cortex.o
 .debug_ranges  0x00000568       0x18 build/system_stm32f1xx.o
 .debug_ranges  0x00000580       0x10 build/gpio.o
 .debug_ranges  0x00000590       0x20 build/usart.o
 .debug_ranges  0x000005b0       0x20 build/startup_stm32f103xb.o

.debug_line     0x00000000     0x3614
 .debug_line    0x00000000      0x209 build/main.o
 .debug_line    0x00000209      0x275 build/stm32f1xx_it.o
 .debug_line    0x0000047e      0x171 build/stm32f1xx_hal_msp.o
 .debug_line    0x000005ef     0x1592 build/stm32f1xx_hal_uart.o
 .debug_line    0x00001b81      0x3bf build/stm32f1xx_hal.o
 .debug_line    0x00001f40      0x523 build/stm32f1xx_hal_rcc.o
 .debug_line    0x00002463      0x337 build/stm32f1xx_hal_gpio.o
 .debug_line    0x0000279a      0x543 build/stm32f1xx_hal_dma.o
 .debug_line    0x00002cdd      0x334 build/stm32f1xx_hal_cortex.o
 .debug_line    0x00003011      0x1a2 build/system_stm32f1xx.o
 .debug_line    0x000031b3      0x1a3 build/gpio.o
 .debug_line    0x00003356      0x24a build/usart.o
 .debug_line    0x000035a0       0x74 build/startup_stm32f103xb.o

.debug_str      0x00000000     0x1ea3
 .debug_str     0x00000000      0x31b build/main.o
                                0x360 (size before relaxing)
 .debug_str     0x0000031b      0x480 build/stm32f1xx_it.o
                                0x66a (size before relaxing)
 .debug_str     0x0000079b       0x9d build/stm32f1xx_hal_msp.o
                                0x22c (size before relaxing)
 .debug_str     0x00000838      0x6e7 build/stm32f1xx_hal_uart.o
                                0xd01 (size before relaxing)
 .debug_str     0x00000f1f      0x5dd build/stm32f1xx_hal.o
                                0x831 (size before relaxing)
 .debug_str     0x000014fc      0x219 build/stm32f1xx_hal_rcc.o
                                0x638 (size before relaxing)
 .debug_str     0x00001715      0x155 build/stm32f1xx_hal_gpio.o
                                0x40d (size before relaxing)
 .debug_str     0x0000186a      0x1f6 build/stm32f1xx_hal_dma.o
                                0x60a (size before relaxing)
 .debug_str     0x00001a60      0x3b8 build/stm32f1xx_hal_cortex.o
                                0x8ce (size before relaxing)
 .debug_str     0x00001e18       0x4f build/system_stm32f1xx.o
                                0x261 (size before relaxing)
 .debug_str     0x00001e67       0x20 build/gpio.o
                                0x28a (size before relaxing)
 .debug_str     0x00001e87       0x1c build/usart.o
                                0x9de (size before relaxing)

.comment        0x00000000       0x6e
 .comment       0x00000000       0x6e build/main.o
                                 0x6f (size before relaxing)
 .comment       0x0000006e       0x6f build/stm32f1xx_it.o
 .comment       0x0000006e       0x6f build/stm32f1xx_hal_msp.o
 .comment       0x0000006e       0x6f build/stm32f1xx_hal_uart.o
 .comment       0x0000006e       0x6f build/stm32f1xx_hal.o
 .comment       0x0000006e       0x6f build/stm32f1xx_hal_rcc.o
 .comment       0x0000006e       0x6f build/stm32f1xx_hal_gpio.o
 .comment       0x0000006e       0x6f build/stm32f1xx_hal_dma.o
 .comment       0x0000006e       0x6f build/stm32f1xx_hal_cortex.o
 .comment       0x0000006e       0x6f build/system_stm32f1xx.o
 .comment       0x0000006e       0x6f build/gpio.o
 .comment       0x0000006e       0x6f build/usart.o

.debug_frame    0x00000000      0xfd0
 .debug_frame   0x00000000       0x58 build/main.o
 .debug_frame   0x00000058       0xc8 build/stm32f1xx_it.o
 .debug_frame   0x00000120       0x28 build/stm32f1xx_hal_msp.o
 .debug_frame   0x00000148      0x658 build/stm32f1xx_hal_uart.o
 .debug_frame   0x000007a0      0x1e0 build/stm32f1xx_hal.o
 .debug_frame   0x00000980      0x1b0 build/stm32f1xx_hal_rcc.o
 .debug_frame   0x00000b30       0xd4 build/stm32f1xx_hal_gpio.o
 .debug_frame   0x00000c04      0x17c build/stm32f1xx_hal_dma.o
 .debug_frame   0x00000d80      0x134 build/stm32f1xx_hal_cortex.o
 .debug_frame   0x00000eb4       0x30 build/system_stm32f1xx.o
 .debug_frame   0x00000ee4       0x34 build/gpio.o
 .debug_frame   0x00000f18       0x6c build/usart.o
 .debug_frame   0x00000f84       0x2c d:/gnu tools for arm embedded processors/5.4 2016q3/bin/../lib/gcc/arm-none-eabi/5.4.1/../../../../arm-none-eabi/lib/armv7-m\libc_nano.a(lib_a-init.o)
 .debug_frame   0x00000fb0       0x20 d:/gnu tools for arm embedded processors/5.4 2016q3/bin/../lib/gcc/arm-none-eabi/5.4.1/../../../../arm-none-eabi/lib/armv7-m\libc_nano.a(lib_a-memset.o)

.stabstr        0x00000000       0x76
 .stabstr       0x00000000       0x76 d:/gnu tools for arm embedded processors/5.4 2016q3/bin/../lib/gcc/arm-none-eabi/5.4.1/../../../../arm-none-eabi/lib/armv7-m\libnosys.a(getpid.o)

Cross Reference Table

Symbol                                            File
ADC1_2_IRQHandler                                 build/startup_stm32f103xb.o
AHBPrescTable                                     build/system_stm32f1xx.o
                                                  build/stm32f1xx_hal_rcc.o
APBPrescTable                                     build/system_stm32f1xx.o
                                                  build/stm32f1xx_hal_rcc.o
BusFault_Handler                                  build/stm32f1xx_it.o
CAN1_RX1_IRQHandler                               build/startup_stm32f103xb.o
CAN1_SCE_IRQHandler                               build/startup_stm32f103xb.o
DMA1_Channel1_IRQHandler                          build/startup_stm32f103xb.o
DMA1_Channel2_IRQHandler                          build/startup_stm32f103xb.o
DMA1_Channel3_IRQHandler                          build/startup_stm32f103xb.o
DMA1_Channel4_IRQHandler                          build/startup_stm32f103xb.o
DMA1_Channel5_IRQHandler                          build/startup_stm32f103xb.o
DMA1_Channel6_IRQHandler                          build/startup_stm32f103xb.o
DMA1_Channel7_IRQHandler                          build/startup_stm32f103xb.o
DebugMon_Handler                                  build/stm32f1xx_it.o
Default_Handler                                   build/startup_stm32f103xb.o
EXTI0_IRQHandler                                  build/startup_stm32f103xb.o
EXTI15_10_IRQHandler                              build/startup_stm32f103xb.o
EXTI1_IRQHandler                                  build/startup_stm32f103xb.o
EXTI2_IRQHandler                                  build/startup_stm32f103xb.o
EXTI3_IRQHandler                                  build/startup_stm32f103xb.o
EXTI4_IRQHandler                                  build/startup_stm32f103xb.o
EXTI9_5_IRQHandler                                build/startup_stm32f103xb.o
Error_Handler                                     build/main.o
                                                  build/usart.o
FLASH_IRQHandler                                  build/startup_stm32f103xb.o
FLASH_PageErase                                   build/stm32f1xx_hal_flash_ex.o
                                                  build/stm32f1xx_hal_flash.o
FLASH_WaitForLastOperation                        build/stm32f1xx_hal_flash.o
                                                  build/stm32f1xx_hal_flash_ex.o
HAL_DBGMCU_DisableDBGSleepMode                    build/stm32f1xx_hal.o
HAL_DBGMCU_DisableDBGStandbyMode                  build/stm32f1xx_hal.o
HAL_DBGMCU_DisableDBGStopMode                     build/stm32f1xx_hal.o
HAL_DBGMCU_EnableDBGSleepMode                     build/stm32f1xx_hal.o
HAL_DBGMCU_EnableDBGStandbyMode                   build/stm32f1xx_hal.o
HAL_DBGMCU_EnableDBGStopMode                      build/stm32f1xx_hal.o
HAL_DMA_Abort                                     build/stm32f1xx_hal_dma.o
                                                  build/stm32f1xx_hal_uart.o
HAL_DMA_Abort_IT                                  build/stm32f1xx_hal_dma.o
                                                  build/stm32f1xx_hal_uart.o
HAL_DMA_DeInit                                    build/stm32f1xx_hal_dma.o
HAL_DMA_GetError                                  build/stm32f1xx_hal_dma.o
                                                  build/stm32f1xx_hal_uart.o
HAL_DMA_GetState                                  build/stm32f1xx_hal_dma.o
HAL_DMA_IRQHandler                                build/stm32f1xx_hal_dma.o
HAL_DMA_Init                                      build/stm32f1xx_hal_dma.o
HAL_DMA_PollForTransfer                           build/stm32f1xx_hal_dma.o
HAL_DMA_RegisterCallback                          build/stm32f1xx_hal_dma.o
HAL_DMA_Start                                     build/stm32f1xx_hal_dma.o
HAL_DMA_Start_IT                                  build/stm32f1xx_hal_dma.o
                                                  build/stm32f1xx_hal_uart.o
HAL_DMA_UnRegisterCallback                        build/stm32f1xx_hal_dma.o
HAL_DeInit                                        build/stm32f1xx_hal.o
HAL_Delay                                         build/stm32f1xx_hal.o
HAL_EXTI_ClearConfigLine                          build/stm32f1xx_hal_exti.o
HAL_EXTI_ClearPending                             build/stm32f1xx_hal_exti.o
HAL_EXTI_GenerateSWI                              build/stm32f1xx_hal_exti.o
HAL_EXTI_GetConfigLine                            build/stm32f1xx_hal_exti.o
HAL_EXTI_GetHandle                                build/stm32f1xx_hal_exti.o
HAL_EXTI_GetPending                               build/stm32f1xx_hal_exti.o
HAL_EXTI_IRQHandler                               build/stm32f1xx_hal_exti.o
HAL_EXTI_RegisterCallback                         build/stm32f1xx_hal_exti.o
HAL_EXTI_SetConfigLine                            build/stm32f1xx_hal_exti.o
HAL_FLASHEx_Erase                                 build/stm32f1xx_hal_flash_ex.o
HAL_FLASHEx_Erase_IT                              build/stm32f1xx_hal_flash_ex.o
HAL_FLASHEx_OBErase                               build/stm32f1xx_hal_flash_ex.o
HAL_FLASHEx_OBGetConfig                           build/stm32f1xx_hal_flash_ex.o
HAL_FLASHEx_OBGetUserData                         build/stm32f1xx_hal_flash_ex.o
HAL_FLASHEx_OBProgram                             build/stm32f1xx_hal_flash_ex.o
HAL_FLASH_EndOfOperationCallback                  build/stm32f1xx_hal_flash.o
HAL_FLASH_GetError                                build/stm32f1xx_hal_flash.o
HAL_FLASH_IRQHandler                              build/stm32f1xx_hal_flash.o
HAL_FLASH_Lock                                    build/stm32f1xx_hal_flash.o
HAL_FLASH_OB_Launch                               build/stm32f1xx_hal_flash.o
HAL_FLASH_OB_Lock                                 build/stm32f1xx_hal_flash.o
HAL_FLASH_OB_Unlock                               build/stm32f1xx_hal_flash.o
HAL_FLASH_OperationErrorCallback                  build/stm32f1xx_hal_flash.o
HAL_FLASH_Program                                 build/stm32f1xx_hal_flash.o
HAL_FLASH_Program_IT                              build/stm32f1xx_hal_flash.o
HAL_FLASH_Unlock                                  build/stm32f1xx_hal_flash.o
HAL_GPIOEx_ConfigEventout                         build/stm32f1xx_hal_gpio_ex.o
HAL_GPIOEx_DisableEventout                        build/stm32f1xx_hal_gpio_ex.o
HAL_GPIOEx_EnableEventout                         build/stm32f1xx_hal_gpio_ex.o
HAL_GPIO_DeInit                                   build/stm32f1xx_hal_gpio.o
                                                  build/usart.o
HAL_GPIO_EXTI_Callback                            build/stm32f1xx_hal_gpio.o
HAL_GPIO_EXTI_IRQHandler                          build/stm32f1xx_hal_gpio.o
HAL_GPIO_Init                                     build/stm32f1xx_hal_gpio.o
                                                  build/usart.o
                                                  build/gpio.o
                                                  build/stm32f1xx_hal_rcc.o
HAL_GPIO_LockPin                                  build/stm32f1xx_hal_gpio.o
HAL_GPIO_ReadPin                                  build/stm32f1xx_hal_gpio.o
HAL_GPIO_TogglePin                                build/stm32f1xx_hal_gpio.o
HAL_GPIO_WritePin                                 build/stm32f1xx_hal_gpio.o
                                                  build/gpio.o
HAL_GetDEVID                                      build/stm32f1xx_hal.o
HAL_GetHalVersion                                 build/stm32f1xx_hal.o
HAL_GetREVID                                      build/stm32f1xx_hal.o
HAL_GetTick                                       build/stm32f1xx_hal.o
                                                  build/stm32f1xx_hal_flash.o
                                                  build/stm32f1xx_hal_dma.o
                                                  build/stm32f1xx_hal_rcc_ex.o
                                                  build/stm32f1xx_hal_rcc.o
                                                  build/stm32f1xx_hal_uart.o
HAL_GetTickFreq                                   build/stm32f1xx_hal.o
HAL_GetTickPrio                                   build/stm32f1xx_hal.o
HAL_GetUIDw0                                      build/stm32f1xx_hal.o
HAL_GetUIDw1                                      build/stm32f1xx_hal.o
HAL_GetUIDw2                                      build/stm32f1xx_hal.o
HAL_HalfDuplex_EnableReceiver                     build/stm32f1xx_hal_uart.o
HAL_HalfDuplex_EnableTransmitter                  build/stm32f1xx_hal_uart.o
HAL_HalfDuplex_Init                               build/stm32f1xx_hal_uart.o
HAL_IncTick                                       build/stm32f1xx_hal.o
                                                  build/stm32f1xx_it.o
HAL_Init                                          build/stm32f1xx_hal.o
                                                  build/main.o
HAL_InitTick                                      build/stm32f1xx_hal.o
                                                  build/stm32f1xx_hal_rcc.o
HAL_LIN_Init                                      build/stm32f1xx_hal_uart.o
HAL_LIN_SendBreak                                 build/stm32f1xx_hal_uart.o
HAL_MspDeInit                                     build/stm32f1xx_hal.o
HAL_MspInit                                       build/stm32f1xx_hal_msp.o
HAL_MultiProcessor_EnterMuteMode                  build/stm32f1xx_hal_uart.o
HAL_MultiProcessor_ExitMuteMode                   build/stm32f1xx_hal_uart.o
HAL_MultiProcessor_Init                           build/stm32f1xx_hal_uart.o
HAL_NVIC_ClearPendingIRQ                          build/stm32f1xx_hal_cortex.o
HAL_NVIC_DisableIRQ                               build/stm32f1xx_hal_cortex.o
                                                  build/usart.o
HAL_NVIC_EnableIRQ                                build/stm32f1xx_hal_cortex.o
                                                  build/usart.o
HAL_NVIC_GetActive                                build/stm32f1xx_hal_cortex.o
HAL_NVIC_GetPendingIRQ                            build/stm32f1xx_hal_cortex.o
HAL_NVIC_GetPriority                              build/stm32f1xx_hal_cortex.o
HAL_NVIC_GetPriorityGrouping                      build/stm32f1xx_hal_cortex.o
HAL_NVIC_SetPendingIRQ                            build/stm32f1xx_hal_cortex.o
HAL_NVIC_SetPriority                              build/stm32f1xx_hal_cortex.o
                                                  build/usart.o
                                                  build/stm32f1xx_hal.o
HAL_NVIC_SetPriorityGrouping                      build/stm32f1xx_hal_cortex.o
                                                  build/stm32f1xx_hal.o
HAL_NVIC_SystemReset                              build/stm32f1xx_hal_cortex.o
                                                  build/stm32f1xx_hal_flash.o
HAL_PWR_ConfigPVD                                 build/stm32f1xx_hal_pwr.o
HAL_PWR_DeInit                                    build/stm32f1xx_hal_pwr.o
HAL_PWR_DisableBkUpAccess                         build/stm32f1xx_hal_pwr.o
HAL_PWR_DisablePVD                                build/stm32f1xx_hal_pwr.o
HAL_PWR_DisableSEVOnPend                          build/stm32f1xx_hal_pwr.o
HAL_PWR_DisableSleepOnExit                        build/stm32f1xx_hal_pwr.o
HAL_PWR_DisableWakeUpPin                          build/stm32f1xx_hal_pwr.o
HAL_PWR_EnableBkUpAccess                          build/stm32f1xx_hal_pwr.o
HAL_PWR_EnablePVD                                 build/stm32f1xx_hal_pwr.o
HAL_PWR_EnableSEVOnPend                           build/stm32f1xx_hal_pwr.o
HAL_PWR_EnableSleepOnExit                         build/stm32f1xx_hal_pwr.o
HAL_PWR_EnableWakeUpPin                           build/stm32f1xx_hal_pwr.o
HAL_PWR_EnterSLEEPMode                            build/stm32f1xx_hal_pwr.o
HAL_PWR_EnterSTANDBYMode                          build/stm32f1xx_hal_pwr.o
HAL_PWR_EnterSTOPMode                             build/stm32f1xx_hal_pwr.o
HAL_PWR_PVDCallback                               build/stm32f1xx_hal_pwr.o
HAL_PWR_PVD_IRQHandler                            build/stm32f1xx_hal_pwr.o
HAL_RCCEx_GetPeriphCLKConfig                      build/stm32f1xx_hal_rcc_ex.o
HAL_RCCEx_GetPeriphCLKFreq                        build/stm32f1xx_hal_rcc_ex.o
HAL_RCCEx_PeriphCLKConfig                         build/stm32f1xx_hal_rcc_ex.o
HAL_RCC_CSSCallback                               build/stm32f1xx_hal_rcc.o
HAL_RCC_ClockConfig                               build/stm32f1xx_hal_rcc.o
                                                  build/main.o
HAL_RCC_DeInit                                    build/stm32f1xx_hal_rcc.o
HAL_RCC_DisableCSS                                build/stm32f1xx_hal_rcc.o
HAL_RCC_EnableCSS                                 build/stm32f1xx_hal_rcc.o
HAL_RCC_GetClockConfig                            build/stm32f1xx_hal_rcc.o
HAL_RCC_GetHCLKFreq                               build/stm32f1xx_hal_rcc.o
HAL_RCC_GetOscConfig                              build/stm32f1xx_hal_rcc.o
HAL_RCC_GetPCLK1Freq                              build/stm32f1xx_hal_rcc.o
                                                  build/stm32f1xx_hal_uart.o
HAL_RCC_GetPCLK2Freq                              build/stm32f1xx_hal_rcc.o
                                                  build/stm32f1xx_hal_rcc_ex.o
                                                  build/stm32f1xx_hal_uart.o
HAL_RCC_GetSysClockFreq                           build/stm32f1xx_hal_rcc.o
HAL_RCC_MCOConfig                                 build/stm32f1xx_hal_rcc.o
HAL_RCC_NMI_IRQHandler                            build/stm32f1xx_hal_rcc.o
HAL_RCC_OscConfig                                 build/stm32f1xx_hal_rcc.o
                                                  build/main.o
HAL_ResumeTick                                    build/stm32f1xx_hal.o
HAL_SYSTICK_CLKSourceConfig                       build/stm32f1xx_hal_cortex.o
HAL_SYSTICK_Callback                              build/stm32f1xx_hal_cortex.o
HAL_SYSTICK_Config                                build/stm32f1xx_hal_cortex.o
                                                  build/stm32f1xx_hal.o
HAL_SYSTICK_IRQHandler                            build/stm32f1xx_hal_cortex.o
HAL_SetTickFreq                                   build/stm32f1xx_hal.o
HAL_SuspendTick                                   build/stm32f1xx_hal.o
HAL_UARTEx_GetRxEventType                         build/stm32f1xx_hal_uart.o
HAL_UARTEx_ReceiveToIdle                          build/stm32f1xx_hal_uart.o
HAL_UARTEx_ReceiveToIdle_DMA                      build/stm32f1xx_hal_uart.o
HAL_UARTEx_ReceiveToIdle_IT                       build/stm32f1xx_hal_uart.o
HAL_UARTEx_RxEventCallback                        build/stm32f1xx_hal_uart.o
HAL_UART_Abort                                    build/stm32f1xx_hal_uart.o
HAL_UART_AbortCpltCallback                        build/stm32f1xx_hal_uart.o
HAL_UART_AbortReceive                             build/stm32f1xx_hal_uart.o
HAL_UART_AbortReceiveCpltCallback                 build/stm32f1xx_hal_uart.o
HAL_UART_AbortReceive_IT                          build/stm32f1xx_hal_uart.o
HAL_UART_AbortTransmit                            build/stm32f1xx_hal_uart.o
HAL_UART_AbortTransmitCpltCallback                build/stm32f1xx_hal_uart.o
HAL_UART_AbortTransmit_IT                         build/stm32f1xx_hal_uart.o
HAL_UART_Abort_IT                                 build/stm32f1xx_hal_uart.o
HAL_UART_DMAPause                                 build/stm32f1xx_hal_uart.o
HAL_UART_DMAResume                                build/stm32f1xx_hal_uart.o
HAL_UART_DMAStop                                  build/stm32f1xx_hal_uart.o
HAL_UART_DeInit                                   build/stm32f1xx_hal_uart.o
HAL_UART_ErrorCallback                            build/stm32f1xx_hal_uart.o
HAL_UART_GetError                                 build/stm32f1xx_hal_uart.o
HAL_UART_GetState                                 build/stm32f1xx_hal_uart.o
HAL_UART_IRQHandler                               build/stm32f1xx_hal_uart.o
                                                  build/stm32f1xx_it.o
HAL_UART_Init                                     build/stm32f1xx_hal_uart.o
                                                  build/usart.o
HAL_UART_MspDeInit                                build/usart.o
                                                  build/stm32f1xx_hal_uart.o
HAL_UART_MspInit                                  build/usart.o
                                                  build/stm32f1xx_hal_uart.o
HAL_UART_Receive                                  build/stm32f1xx_hal_uart.o
HAL_UART_Receive_DMA                              build/stm32f1xx_hal_uart.o
HAL_UART_Receive_IT                               build/stm32f1xx_hal_uart.o
                                                  build/RFID_low_level.o
HAL_UART_RxCpltCallback                           build/stm32f1xx_hal_uart.o
HAL_UART_RxHalfCpltCallback                       build/stm32f1xx_hal_uart.o
HAL_UART_Transmit                                 build/stm32f1xx_hal_uart.o
HAL_UART_Transmit_DMA                             build/stm32f1xx_hal_uart.o
HAL_UART_Transmit_IT                              build/stm32f1xx_hal_uart.o
                                                  build/RFID_low_level.o
HAL_UART_TxCpltCallback                           build/stm32f1xx_hal_uart.o
HAL_UART_TxHalfCpltCallback                       build/stm32f1xx_hal_uart.o
HardFault_Handler                                 build/stm32f1xx_it.o
I2C1_ER_IRQHandler                                build/startup_stm32f103xb.o
I2C1_EV_IRQHandler                                build/startup_stm32f103xb.o
I2C2_ER_IRQHandler                                build/startup_stm32f103xb.o
I2C2_EV_IRQHandler                                build/startup_stm32f103xb.o
MX_GPIO_Init                                      build/gpio.o
                                                  build/main.o
MX_USART1_UART_Init                               build/usart.o
                                                  build/main.o
MemManage_Handler                                 build/stm32f1xx_it.o
NMI_Handler                                       build/stm32f1xx_it.o
PVD_IRQHandler                                    build/startup_stm32f103xb.o
PendSV_Handler                                    build/stm32f1xx_it.o
RCC_IRQHandler                                    build/startup_stm32f103xb.o
RFIDCommands::checksum(unsigned char*, unsigned int) build/RFID_low_level.o
RFIDCommands::get_module_info()                   build/RFID_low_level.o
RFIDCommands::get_transmitpower()                 build/RFID_low_level.o
RFIDCommands::multi_polling(unsigned short)       build/RFID_low_level.o
RFIDCommands::rxpacket(unsigned char*, unsigned char) build/RFID_low_level.o
RFIDCommands::set_baudrate(unsigned short)        build/RFID_low_level.o
RFIDCommands::set_transmitpower(unsigned short)   build/RFID_low_level.o
RFIDCommands::single_polling()                    build/RFID_low_level.o
RFIDCommands::stop_multi_polling()                build/RFID_low_level.o
RFIDCommands::txpacket(unsigned char const*, unsigned int) build/RFID_low_level.o
RTC_Alarm_IRQHandler                              build/startup_stm32f103xb.o
RTC_IRQHandler                                    build/startup_stm32f103xb.o
Reset_Handler                                     build/startup_stm32f103xb.o
SPI1_IRQHandler                                   build/startup_stm32f103xb.o
SPI2_IRQHandler                                   build/startup_stm32f103xb.o
SVC_Handler                                       build/stm32f1xx_it.o
SysTick_Handler                                   build/stm32f1xx_it.o
SystemClock_Config                                build/main.o
SystemCoreClock                                   build/system_stm32f1xx.o
                                                  build/stm32f1xx_hal_rcc.o
                                                  build/stm32f1xx_hal.o
SystemCoreClockUpdate                             build/system_stm32f1xx.o
SystemInit                                        build/system_stm32f1xx.o
                                                  build/startup_stm32f103xb.o
TAMPER_IRQHandler                                 build/startup_stm32f103xb.o
TIM1_BRK_IRQHandler                               build/startup_stm32f103xb.o
TIM1_CC_IRQHandler                                build/startup_stm32f103xb.o
TIM1_TRG_COM_IRQHandler                           build/startup_stm32f103xb.o
TIM1_UP_IRQHandler                                build/startup_stm32f103xb.o
TIM2_IRQHandler                                   build/startup_stm32f103xb.o
TIM3_IRQHandler                                   build/startup_stm32f103xb.o
TIM4_IRQHandler                                   build/startup_stm32f103xb.o
UART_Start_Receive_DMA                            build/stm32f1xx_hal_uart.o
UART_Start_Receive_IT                             build/stm32f1xx_hal_uart.o
USART1_IRQHandler                                 build/stm32f1xx_it.o
USART2_IRQHandler                                 build/startup_stm32f103xb.o
USART3_IRQHandler                                 build/startup_stm32f103xb.o
USBWakeUp_IRQHandler                              build/startup_stm32f103xb.o
USB_HP_CAN1_TX_IRQHandler                         build/startup_stm32f103xb.o
USB_LP_CAN1_RX0_IRQHandler                        build/startup_stm32f103xb.o
UsageFault_Handler                                build/stm32f1xx_it.o
WWDG_IRQHandler                                   build/startup_stm32f103xb.o
_Jv_RegisterClasses                               d:/gnu tools for arm embedded processors/5.4 2016q3/bin/../lib/gcc/arm-none-eabi/5.4.1/armv7-m/crtbegin.o
_Unwind_Backtrace                                 d:/gnu tools for arm embedded processors/5.4 2016q3/bin/../lib/gcc/arm-none-eabi/5.4.1/armv7-m\libgcc.a(libunwind.o)
_Unwind_Complete                                  d:/gnu tools for arm embedded processors/5.4 2016q3/bin/../lib/gcc/arm-none-eabi/5.4.1/armv7-m\libgcc.a(unwind-arm.o)
_Unwind_DeleteException                           d:/gnu tools for arm embedded processors/5.4 2016q3/bin/../lib/gcc/arm-none-eabi/5.4.1/armv7-m\libgcc.a(unwind-arm.o)
_Unwind_ForcedUnwind                              d:/gnu tools for arm embedded processors/5.4 2016q3/bin/../lib/gcc/arm-none-eabi/5.4.1/armv7-m\libgcc.a(libunwind.o)
_Unwind_GetCFA                                    d:/gnu tools for arm embedded processors/5.4 2016q3/bin/../lib/gcc/arm-none-eabi/5.4.1/armv7-m\libgcc.a(unwind-arm.o)
_Unwind_GetDataRelBase                            d:/gnu tools for arm embedded processors/5.4 2016q3/bin/../lib/gcc/arm-none-eabi/5.4.1/armv7-m\libgcc.a(pr-support.o)
_Unwind_GetLanguageSpecificData                   d:/gnu tools for arm embedded processors/5.4 2016q3/bin/../lib/gcc/arm-none-eabi/5.4.1/armv7-m\libgcc.a(pr-support.o)
_Unwind_GetRegionStart                            d:/gnu tools for arm embedded processors/5.4 2016q3/bin/../lib/gcc/arm-none-eabi/5.4.1/armv7-m\libgcc.a(pr-support.o)
_Unwind_GetTextRelBase                            d:/gnu tools for arm embedded processors/5.4 2016q3/bin/../lib/gcc/arm-none-eabi/5.4.1/armv7-m\libgcc.a(pr-support.o)
_Unwind_RaiseException                            d:/gnu tools for arm embedded processors/5.4 2016q3/bin/../lib/gcc/arm-none-eabi/5.4.1/armv7-m\libgcc.a(libunwind.o)
_Unwind_Resume                                    d:/gnu tools for arm embedded processors/5.4 2016q3/bin/../lib/gcc/arm-none-eabi/5.4.1/armv7-m\libgcc.a(libunwind.o)
_Unwind_Resume_or_Rethrow                         d:/gnu tools for arm embedded processors/5.4 2016q3/bin/../lib/gcc/arm-none-eabi/5.4.1/armv7-m\libgcc.a(libunwind.o)
_Unwind_VRS_Get                                   d:/gnu tools for arm embedded processors/5.4 2016q3/bin/../lib/gcc/arm-none-eabi/5.4.1/armv7-m\libgcc.a(unwind-arm.o)
                                                  d:/gnu tools for arm embedded processors/5.4 2016q3/bin/../lib/gcc/arm-none-eabi/5.4.1/armv7-m\libgcc.a(pr-support.o)
_Unwind_VRS_Pop                                   d:/gnu tools for arm embedded processors/5.4 2016q3/bin/../lib/gcc/arm-none-eabi/5.4.1/armv7-m\libgcc.a(unwind-arm.o)
                                                  d:/gnu tools for arm embedded processors/5.4 2016q3/bin/../lib/gcc/arm-none-eabi/5.4.1/armv7-m\libgcc.a(pr-support.o)
_Unwind_VRS_Set                                   d:/gnu tools for arm embedded processors/5.4 2016q3/bin/../lib/gcc/arm-none-eabi/5.4.1/armv7-m\libgcc.a(unwind-arm.o)
                                                  d:/gnu tools for arm embedded processors/5.4 2016q3/bin/../lib/gcc/arm-none-eabi/5.4.1/armv7-m\libgcc.a(pr-support.o)
___Unwind_Backtrace                               d:/gnu tools for arm embedded processors/5.4 2016q3/bin/../lib/gcc/arm-none-eabi/5.4.1/armv7-m\libgcc.a(libunwind.o)
___Unwind_ForcedUnwind                            d:/gnu tools for arm embedded processors/5.4 2016q3/bin/../lib/gcc/arm-none-eabi/5.4.1/armv7-m\libgcc.a(libunwind.o)
___Unwind_RaiseException                          d:/gnu tools for arm embedded processors/5.4 2016q3/bin/../lib/gcc/arm-none-eabi/5.4.1/armv7-m\libgcc.a(libunwind.o)
___Unwind_Resume                                  d:/gnu tools for arm embedded processors/5.4 2016q3/bin/../lib/gcc/arm-none-eabi/5.4.1/armv7-m\libgcc.a(libunwind.o)
___Unwind_Resume_or_Rethrow                       d:/gnu tools for arm embedded processors/5.4 2016q3/bin/../lib/gcc/arm-none-eabi/5.4.1/armv7-m\libgcc.a(libunwind.o)
__aeabi_unwind_cpp_pr0                            d:/gnu tools for arm embedded processors/5.4 2016q3/bin/../lib/gcc/arm-none-eabi/5.4.1/armv7-m\libgcc.a(unwind-arm.o)
                                                  d:/gnu tools for arm embedded processors/5.4 2016q3/bin/../lib/gcc/arm-none-eabi/5.4.1/armv7-m\libgcc.a(pr-support.o)
                                                  build/RFID_low_level.o
__aeabi_unwind_cpp_pr1                            d:/gnu tools for arm embedded processors/5.4 2016q3/bin/../lib/gcc/arm-none-eabi/5.4.1/armv7-m\libgcc.a(unwind-arm.o)
                                                  d:/gnu tools for arm embedded processors/5.4 2016q3/bin/../lib/gcc/arm-none-eabi/5.4.1/armv7-m\libgcc.a(pr-support.o)
                                                  build/RFID_low_level.o
__aeabi_unwind_cpp_pr2                            d:/gnu tools for arm embedded processors/5.4 2016q3/bin/../lib/gcc/arm-none-eabi/5.4.1/armv7-m\libgcc.a(unwind-arm.o)
__bss_end__                                       d:/gnu tools for arm embedded processors/5.4 2016q3/bin/../lib/gcc/arm-none-eabi/5.4.1/../../../../arm-none-eabi/lib/armv7-m/crt0.o
__bss_start__                                     d:/gnu tools for arm embedded processors/5.4 2016q3/bin/../lib/gcc/arm-none-eabi/5.4.1/../../../../arm-none-eabi/lib/armv7-m/crt0.o
__call_exitprocs                                  d:/gnu tools for arm embedded processors/5.4 2016q3/bin/../lib/gcc/arm-none-eabi/5.4.1/../../../../arm-none-eabi/lib/armv7-m\libc_nano.a(lib_a-exit.o)
__cxa_begin_cleanup                               d:/gnu tools for arm embedded processors/5.4 2016q3/bin/../lib/gcc/arm-none-eabi/5.4.1/armv7-m\libgcc.a(unwind-arm.o)
__cxa_call_unexpected                             d:/gnu tools for arm embedded processors/5.4 2016q3/bin/../lib/gcc/arm-none-eabi/5.4.1/armv7-m\libgcc.a(unwind-arm.o)
__cxa_type_match                                  d:/gnu tools for arm embedded processors/5.4 2016q3/bin/../lib/gcc/arm-none-eabi/5.4.1/armv7-m\libgcc.a(unwind-arm.o)
__deregister_frame_info                           d:/gnu tools for arm embedded processors/5.4 2016q3/bin/../lib/gcc/arm-none-eabi/5.4.1/armv7-m/crtbegin.o
__dso_handle                                      d:/gnu tools for arm embedded processors/5.4 2016q3/bin/../lib/gcc/arm-none-eabi/5.4.1/armv7-m/crtbegin.o
__exidx_end                                       d:/gnu tools for arm embedded processors/5.4 2016q3/bin/../lib/gcc/arm-none-eabi/5.4.1/armv7-m\libgcc.a(unwind-arm.o)
__exidx_start                                     d:/gnu tools for arm embedded processors/5.4 2016q3/bin/../lib/gcc/arm-none-eabi/5.4.1/armv7-m\libgcc.a(unwind-arm.o)
__gnu_Unwind_Backtrace                            d:/gnu tools for arm embedded processors/5.4 2016q3/bin/../lib/gcc/arm-none-eabi/5.4.1/armv7-m\libgcc.a(unwind-arm.o)
                                                  d:/gnu tools for arm embedded processors/5.4 2016q3/bin/../lib/gcc/arm-none-eabi/5.4.1/armv7-m\libgcc.a(libunwind.o)
__gnu_Unwind_Find_exidx                           d:/gnu tools for arm embedded processors/5.4 2016q3/bin/../lib/gcc/arm-none-eabi/5.4.1/armv7-m\libgcc.a(unwind-arm.o)
__gnu_Unwind_ForcedUnwind                         d:/gnu tools for arm embedded processors/5.4 2016q3/bin/../lib/gcc/arm-none-eabi/5.4.1/armv7-m\libgcc.a(unwind-arm.o)
                                                  d:/gnu tools for arm embedded processors/5.4 2016q3/bin/../lib/gcc/arm-none-eabi/5.4.1/armv7-m\libgcc.a(libunwind.o)
__gnu_Unwind_RaiseException                       d:/gnu tools for arm embedded processors/5.4 2016q3/bin/../lib/gcc/arm-none-eabi/5.4.1/armv7-m\libgcc.a(unwind-arm.o)
                                                  d:/gnu tools for arm embedded processors/5.4 2016q3/bin/../lib/gcc/arm-none-eabi/5.4.1/armv7-m\libgcc.a(libunwind.o)
__gnu_Unwind_Restore_VFP                          d:/gnu tools for arm embedded processors/5.4 2016q3/bin/../lib/gcc/arm-none-eabi/5.4.1/armv7-m\libgcc.a(libunwind.o)
                                                  d:/gnu tools for arm embedded processors/5.4 2016q3/bin/../lib/gcc/arm-none-eabi/5.4.1/armv7-m\libgcc.a(unwind-arm.o)
__gnu_Unwind_Restore_VFP_D                        d:/gnu tools for arm embedded processors/5.4 2016q3/bin/../lib/gcc/arm-none-eabi/5.4.1/armv7-m\libgcc.a(libunwind.o)
                                                  d:/gnu tools for arm embedded processors/5.4 2016q3/bin/../lib/gcc/arm-none-eabi/5.4.1/armv7-m\libgcc.a(unwind-arm.o)
__gnu_Unwind_Restore_VFP_D_16_to_31               d:/gnu tools for arm embedded processors/5.4 2016q3/bin/../lib/gcc/arm-none-eabi/5.4.1/armv7-m\libgcc.a(libunwind.o)
                                                  d:/gnu tools for arm embedded processors/5.4 2016q3/bin/../lib/gcc/arm-none-eabi/5.4.1/armv7-m\libgcc.a(unwind-arm.o)
__gnu_Unwind_Restore_WMMXC                        d:/gnu tools for arm embedded processors/5.4 2016q3/bin/../lib/gcc/arm-none-eabi/5.4.1/armv7-m\libgcc.a(libunwind.o)
                                                  d:/gnu tools for arm embedded processors/5.4 2016q3/bin/../lib/gcc/arm-none-eabi/5.4.1/armv7-m\libgcc.a(unwind-arm.o)
__gnu_Unwind_Restore_WMMXD                        d:/gnu tools for arm embedded processors/5.4 2016q3/bin/../lib/gcc/arm-none-eabi/5.4.1/armv7-m\libgcc.a(libunwind.o)
                                                  d:/gnu tools for arm embedded processors/5.4 2016q3/bin/../lib/gcc/arm-none-eabi/5.4.1/armv7-m\libgcc.a(unwind-arm.o)
__gnu_Unwind_Resume                               d:/gnu tools for arm embedded processors/5.4 2016q3/bin/../lib/gcc/arm-none-eabi/5.4.1/armv7-m\libgcc.a(unwind-arm.o)
                                                  d:/gnu tools for arm embedded processors/5.4 2016q3/bin/../lib/gcc/arm-none-eabi/5.4.1/armv7-m\libgcc.a(libunwind.o)
__gnu_Unwind_Resume_or_Rethrow                    d:/gnu tools for arm embedded processors/5.4 2016q3/bin/../lib/gcc/arm-none-eabi/5.4.1/armv7-m\libgcc.a(unwind-arm.o)
                                                  d:/gnu tools for arm embedded processors/5.4 2016q3/bin/../lib/gcc/arm-none-eabi/5.4.1/armv7-m\libgcc.a(libunwind.o)
__gnu_Unwind_Save_VFP                             d:/gnu tools for arm embedded processors/5.4 2016q3/bin/../lib/gcc/arm-none-eabi/5.4.1/armv7-m\libgcc.a(libunwind.o)
                                                  d:/gnu tools for arm embedded processors/5.4 2016q3/bin/../lib/gcc/arm-none-eabi/5.4.1/armv7-m\libgcc.a(unwind-arm.o)
__gnu_Unwind_Save_VFP_D                           d:/gnu tools for arm embedded processors/5.4 2016q3/bin/../lib/gcc/arm-none-eabi/5.4.1/armv7-m\libgcc.a(libunwind.o)
                                                  d:/gnu tools for arm embedded processors/5.4 2016q3/bin/../lib/gcc/arm-none-eabi/5.4.1/armv7-m\libgcc.a(unwind-arm.o)
__gnu_Unwind_Save_VFP_D_16_to_31                  d:/gnu tools for arm embedded processors/5.4 2016q3/bin/../lib/gcc/arm-none-eabi/5.4.1/armv7-m\libgcc.a(libunwind.o)
                                                  d:/gnu tools for arm embedded processors/5.4 2016q3/bin/../lib/gcc/arm-none-eabi/5.4.1/armv7-m\libgcc.a(unwind-arm.o)
__gnu_Unwind_Save_WMMXC                           d:/gnu tools for arm embedded processors/5.4 2016q3/bin/../lib/gcc/arm-none-eabi/5.4.1/armv7-m\libgcc.a(libunwind.o)
                                                  d:/gnu tools for arm embedded processors/5.4 2016q3/bin/../lib/gcc/arm-none-eabi/5.4.1/armv7-m\libgcc.a(unwind-arm.o)
__gnu_Unwind_Save_WMMXD                           d:/gnu tools for arm embedded processors/5.4 2016q3/bin/../lib/gcc/arm-none-eabi/5.4.1/armv7-m\libgcc.a(libunwind.o)
                                                  d:/gnu tools for arm embedded processors/5.4 2016q3/bin/../lib/gcc/arm-none-eabi/5.4.1/armv7-m\libgcc.a(unwind-arm.o)
__gnu_unwind_execute                              d:/gnu tools for arm embedded processors/5.4 2016q3/bin/../lib/gcc/arm-none-eabi/5.4.1/armv7-m\libgcc.a(pr-support.o)
                                                  d:/gnu tools for arm embedded processors/5.4 2016q3/bin/../lib/gcc/arm-none-eabi/5.4.1/armv7-m\libgcc.a(unwind-arm.o)
__gnu_unwind_frame                                d:/gnu tools for arm embedded processors/5.4 2016q3/bin/../lib/gcc/arm-none-eabi/5.4.1/armv7-m\libgcc.a(pr-support.o)
__init_array_end                                  d:/gnu tools for arm embedded processors/5.4 2016q3/bin/../lib/gcc/arm-none-eabi/5.4.1/../../../../arm-none-eabi/lib/armv7-m\libc_nano.a(lib_a-init.o)
__init_array_start                                d:/gnu tools for arm embedded processors/5.4 2016q3/bin/../lib/gcc/arm-none-eabi/5.4.1/../../../../arm-none-eabi/lib/armv7-m\libc_nano.a(lib_a-init.o)
__libc_fini_array                                 d:/gnu tools for arm embedded processors/5.4 2016q3/bin/../lib/gcc/arm-none-eabi/5.4.1/../../../../arm-none-eabi/lib/armv7-m/crt0.o
__libc_init_array                                 d:/gnu tools for arm embedded processors/5.4 2016q3/bin/../lib/gcc/arm-none-eabi/5.4.1/../../../../arm-none-eabi/lib/armv7-m\libc_nano.a(lib_a-init.o)
                                                  build/startup_stm32f103xb.o
                                                  d:/gnu tools for arm embedded processors/5.4 2016q3/bin/../lib/gcc/arm-none-eabi/5.4.1/../../../../arm-none-eabi/lib/armv7-m/crt0.o
__malloc_free_list                                d:/gnu tools for arm embedded processors/5.4 2016q3/bin/../lib/gcc/arm-none-eabi/5.4.1/../../../../arm-none-eabi/lib/armv7-m\libc_nano.a(lib_a-nano-mallocr.o)
                                                  d:/gnu tools for arm embedded processors/5.4 2016q3/bin/../lib/gcc/arm-none-eabi/5.4.1/../../../../arm-none-eabi/lib/armv7-m\libc_nano.a(lib_a-nano-freer.o)
__malloc_lock                                     d:/gnu tools for arm embedded processors/5.4 2016q3/bin/../lib/gcc/arm-none-eabi/5.4.1/../../../../arm-none-eabi/lib/armv7-m\libc_nano.a(lib_a-mlock.o)
                                                  d:/gnu tools for arm embedded processors/5.4 2016q3/bin/../lib/gcc/arm-none-eabi/5.4.1/../../../../arm-none-eabi/lib/armv7-m\libc_nano.a(lib_a-nano-freer.o)
                                                  d:/gnu tools for arm embedded processors/5.4 2016q3/bin/../lib/gcc/arm-none-eabi/5.4.1/../../../../arm-none-eabi/lib/armv7-m\libc_nano.a(lib_a-nano-mallocr.o)
__malloc_sbrk_start                               d:/gnu tools for arm embedded processors/5.4 2016q3/bin/../lib/gcc/arm-none-eabi/5.4.1/../../../../arm-none-eabi/lib/armv7-m\libc_nano.a(lib_a-nano-mallocr.o)
__malloc_unlock                                   d:/gnu tools for arm embedded processors/5.4 2016q3/bin/../lib/gcc/arm-none-eabi/5.4.1/../../../../arm-none-eabi/lib/armv7-m\libc_nano.a(lib_a-mlock.o)
                                                  d:/gnu tools for arm embedded processors/5.4 2016q3/bin/../lib/gcc/arm-none-eabi/5.4.1/../../../../arm-none-eabi/lib/armv7-m\libc_nano.a(lib_a-nano-freer.o)
                                                  d:/gnu tools for arm embedded processors/5.4 2016q3/bin/../lib/gcc/arm-none-eabi/5.4.1/../../../../arm-none-eabi/lib/armv7-m\libc_nano.a(lib_a-nano-mallocr.o)
__preinit_array_end                               d:/gnu tools for arm embedded processors/5.4 2016q3/bin/../lib/gcc/arm-none-eabi/5.4.1/../../../../arm-none-eabi/lib/armv7-m\libc_nano.a(lib_a-init.o)
__preinit_array_start                             d:/gnu tools for arm embedded processors/5.4 2016q3/bin/../lib/gcc/arm-none-eabi/5.4.1/../../../../arm-none-eabi/lib/armv7-m\libc_nano.a(lib_a-init.o)
__register_frame_info                             d:/gnu tools for arm embedded processors/5.4 2016q3/bin/../lib/gcc/arm-none-eabi/5.4.1/armv7-m/crtbegin.o
__restore_core_regs                               d:/gnu tools for arm embedded processors/5.4 2016q3/bin/../lib/gcc/arm-none-eabi/5.4.1/armv7-m\libgcc.a(libunwind.o)
__sf_fake_stderr                                  d:/gnu tools for arm embedded processors/5.4 2016q3/bin/../lib/gcc/arm-none-eabi/5.4.1/../../../../arm-none-eabi/lib/armv7-m\libc_nano.a(lib_a-impure.o)
__sf_fake_stdin                                   d:/gnu tools for arm embedded processors/5.4 2016q3/bin/../lib/gcc/arm-none-eabi/5.4.1/../../../../arm-none-eabi/lib/armv7-m\libc_nano.a(lib_a-impure.o)
__sf_fake_stdout                                  d:/gnu tools for arm embedded processors/5.4 2016q3/bin/../lib/gcc/arm-none-eabi/5.4.1/../../../../arm-none-eabi/lib/armv7-m\libc_nano.a(lib_a-impure.o)
__sigtramp                                        d:/gnu tools for arm embedded processors/5.4 2016q3/bin/../lib/gcc/arm-none-eabi/5.4.1/../../../../arm-none-eabi/lib/armv7-m\libc_nano.a(lib_a-signal.o)
__sigtramp_r                                      d:/gnu tools for arm embedded processors/5.4 2016q3/bin/../lib/gcc/arm-none-eabi/5.4.1/../../../../arm-none-eabi/lib/armv7-m\libc_nano.a(lib_a-signal.o)
__stack                                           d:/gnu tools for arm embedded processors/5.4 2016q3/bin/../lib/gcc/arm-none-eabi/5.4.1/../../../../arm-none-eabi/lib/armv7-m/crt0.o
_ebss                                             build/startup_stm32f103xb.o
_edata                                            build/startup_stm32f103xb.o
_estack                                           build/startup_stm32f103xb.o
_exit                                             d:/gnu tools for arm embedded processors/5.4 2016q3/bin/../lib/gcc/arm-none-eabi/5.4.1/../../../../arm-none-eabi/lib/armv7-m\libnosys.a(_exit.o)
                                                  d:/gnu tools for arm embedded processors/5.4 2016q3/bin/../lib/gcc/arm-none-eabi/5.4.1/../../../../arm-none-eabi/lib/armv7-m\libc_nano.a(lib_a-abort.o)
                                                  d:/gnu tools for arm embedded processors/5.4 2016q3/bin/../lib/gcc/arm-none-eabi/5.4.1/../../../../arm-none-eabi/lib/armv7-m\libc_nano.a(lib_a-exit.o)
_fini                                             d:/gnu tools for arm embedded processors/5.4 2016q3/bin/../lib/gcc/arm-none-eabi/5.4.1/armv7-m/crti.o
_free_r                                           d:/gnu tools for arm embedded processors/5.4 2016q3/bin/../lib/gcc/arm-none-eabi/5.4.1/../../../../arm-none-eabi/lib/armv7-m\libc_nano.a(lib_a-nano-freer.o)
                                                  d:/gnu tools for arm embedded processors/5.4 2016q3/bin/../lib/gcc/arm-none-eabi/5.4.1/../../../../arm-none-eabi/lib/armv7-m\libc_nano.a(lib_a-reent.o)
_getpid                                           d:/gnu tools for arm embedded processors/5.4 2016q3/bin/../lib/gcc/arm-none-eabi/5.4.1/../../../../arm-none-eabi/lib/armv7-m\libnosys.a(getpid.o)
                                                  d:/gnu tools for arm embedded processors/5.4 2016q3/bin/../lib/gcc/arm-none-eabi/5.4.1/../../../../arm-none-eabi/lib/armv7-m\libc_nano.a(lib_a-signalr.o)
_getpid_r                                         d:/gnu tools for arm embedded processors/5.4 2016q3/bin/../lib/gcc/arm-none-eabi/5.4.1/../../../../arm-none-eabi/lib/armv7-m\libc_nano.a(lib_a-signalr.o)
                                                  d:/gnu tools for arm embedded processors/5.4 2016q3/bin/../lib/gcc/arm-none-eabi/5.4.1/../../../../arm-none-eabi/lib/armv7-m\libc_nano.a(lib_a-signal.o)
_global_impure_ptr                                d:/gnu tools for arm embedded processors/5.4 2016q3/bin/../lib/gcc/arm-none-eabi/5.4.1/../../../../arm-none-eabi/lib/armv7-m\libc_nano.a(lib_a-impure.o)
                                                  d:/gnu tools for arm embedded processors/5.4 2016q3/bin/../lib/gcc/arm-none-eabi/5.4.1/../../../../arm-none-eabi/lib/armv7-m\libc_nano.a(lib_a-exit.o)
_impure_ptr                                       d:/gnu tools for arm embedded processors/5.4 2016q3/bin/../lib/gcc/arm-none-eabi/5.4.1/../../../../arm-none-eabi/lib/armv7-m\libc_nano.a(lib_a-impure.o)
                                                  d:/gnu tools for arm embedded processors/5.4 2016q3/bin/../lib/gcc/arm-none-eabi/5.4.1/../../../../arm-none-eabi/lib/armv7-m\libc_nano.a(lib_a-reent.o)
                                                  d:/gnu tools for arm embedded processors/5.4 2016q3/bin/../lib/gcc/arm-none-eabi/5.4.1/../../../../arm-none-eabi/lib/armv7-m\libc_nano.a(lib_a-signal.o)
_init                                             d:/gnu tools for arm embedded processors/5.4 2016q3/bin/../lib/gcc/arm-none-eabi/5.4.1/armv7-m/crti.o
                                                  d:/gnu tools for arm embedded processors/5.4 2016q3/bin/../lib/gcc/arm-none-eabi/5.4.1/../../../../arm-none-eabi/lib/armv7-m\libc_nano.a(lib_a-init.o)
_init_signal                                      d:/gnu tools for arm embedded processors/5.4 2016q3/bin/../lib/gcc/arm-none-eabi/5.4.1/../../../../arm-none-eabi/lib/armv7-m\libc_nano.a(lib_a-signal.o)
_init_signal_r                                    d:/gnu tools for arm embedded processors/5.4 2016q3/bin/../lib/gcc/arm-none-eabi/5.4.1/../../../../arm-none-eabi/lib/armv7-m\libc_nano.a(lib_a-signal.o)
_kill                                             d:/gnu tools for arm embedded processors/5.4 2016q3/bin/../lib/gcc/arm-none-eabi/5.4.1/../../../../arm-none-eabi/lib/armv7-m\libnosys.a(kill.o)
                                                  d:/gnu tools for arm embedded processors/5.4 2016q3/bin/../lib/gcc/arm-none-eabi/5.4.1/../../../../arm-none-eabi/lib/armv7-m\libc_nano.a(lib_a-signalr.o)
_kill_r                                           d:/gnu tools for arm embedded processors/5.4 2016q3/bin/../lib/gcc/arm-none-eabi/5.4.1/../../../../arm-none-eabi/lib/armv7-m\libc_nano.a(lib_a-signalr.o)
                                                  d:/gnu tools for arm embedded processors/5.4 2016q3/bin/../lib/gcc/arm-none-eabi/5.4.1/../../../../arm-none-eabi/lib/armv7-m\libc_nano.a(lib_a-signal.o)
_mainCRTStartup                                   d:/gnu tools for arm embedded processors/5.4 2016q3/bin/../lib/gcc/arm-none-eabi/5.4.1/../../../../arm-none-eabi/lib/armv7-m/crt0.o
_malloc_r                                         d:/gnu tools for arm embedded processors/5.4 2016q3/bin/../lib/gcc/arm-none-eabi/5.4.1/../../../../arm-none-eabi/lib/armv7-m\libc_nano.a(lib_a-nano-mallocr.o)
                                                  d:/gnu tools for arm embedded processors/5.4 2016q3/bin/../lib/gcc/arm-none-eabi/5.4.1/../../../../arm-none-eabi/lib/armv7-m\libc_nano.a(lib_a-signal.o)
_raise_r                                          d:/gnu tools for arm embedded processors/5.4 2016q3/bin/../lib/gcc/arm-none-eabi/5.4.1/../../../../arm-none-eabi/lib/armv7-m\libc_nano.a(lib_a-signal.o)
_reclaim_reent                                    d:/gnu tools for arm embedded processors/5.4 2016q3/bin/../lib/gcc/arm-none-eabi/5.4.1/../../../../arm-none-eabi/lib/armv7-m\libc_nano.a(lib_a-reent.o)
_sbrk                                             d:/gnu tools for arm embedded processors/5.4 2016q3/bin/../lib/gcc/arm-none-eabi/5.4.1/../../../../arm-none-eabi/lib/armv7-m\libnosys.a(sbrk.o)
                                                  d:/gnu tools for arm embedded processors/5.4 2016q3/bin/../lib/gcc/arm-none-eabi/5.4.1/../../../../arm-none-eabi/lib/armv7-m\libc_nano.a(lib_a-sbrkr.o)
_sbrk_r                                           d:/gnu tools for arm embedded processors/5.4 2016q3/bin/../lib/gcc/arm-none-eabi/5.4.1/../../../../arm-none-eabi/lib/armv7-m\libc_nano.a(lib_a-sbrkr.o)
                                                  d:/gnu tools for arm embedded processors/5.4 2016q3/bin/../lib/gcc/arm-none-eabi/5.4.1/../../../../arm-none-eabi/lib/armv7-m\libc_nano.a(lib_a-nano-mallocr.o)
_sbss                                             build/startup_stm32f103xb.o
_sdata                                            build/startup_stm32f103xb.o
_sidata                                           build/startup_stm32f103xb.o
_signal_r                                         d:/gnu tools for arm embedded processors/5.4 2016q3/bin/../lib/gcc/arm-none-eabi/5.4.1/../../../../arm-none-eabi/lib/armv7-m\libc_nano.a(lib_a-signal.o)
_start                                            d:/gnu tools for arm embedded processors/5.4 2016q3/bin/../lib/gcc/arm-none-eabi/5.4.1/../../../../arm-none-eabi/lib/armv7-m/crt0.o
abort                                             d:/gnu tools for arm embedded processors/5.4 2016q3/bin/../lib/gcc/arm-none-eabi/5.4.1/../../../../arm-none-eabi/lib/armv7-m\libc_nano.a(lib_a-abort.o)
                                                  d:/gnu tools for arm embedded processors/5.4 2016q3/bin/../lib/gcc/arm-none-eabi/5.4.1/armv7-m\libgcc.a(pr-support.o)
                                                  d:/gnu tools for arm embedded processors/5.4 2016q3/bin/../lib/gcc/arm-none-eabi/5.4.1/armv7-m\libgcc.a(unwind-arm.o)
atexit                                            d:/gnu tools for arm embedded processors/5.4 2016q3/bin/../lib/gcc/arm-none-eabi/5.4.1/../../../../arm-none-eabi/lib/armv7-m/crt0.o
cleanup_glue                                      d:/gnu tools for arm embedded processors/5.4 2016q3/bin/../lib/gcc/arm-none-eabi/5.4.1/../../../../arm-none-eabi/lib/armv7-m\libc_nano.a(lib_a-reent.o)
cpp_start                                         build/start.o
end                                               d:/gnu tools for arm embedded processors/5.4 2016q3/bin/../lib/gcc/arm-none-eabi/5.4.1/../../../../arm-none-eabi/lib/armv7-m\libnosys.a(sbrk.o)
errno                                             d:/gnu tools for arm embedded processors/5.4 2016q3/bin/../lib/gcc/arm-none-eabi/5.4.1/../../../../arm-none-eabi/lib/armv7-m\libc_nano.a(lib_a-reent.o)
                                                  d:/gnu tools for arm embedded processors/5.4 2016q3/bin/../lib/gcc/arm-none-eabi/5.4.1/../../../../arm-none-eabi/lib/armv7-m\libnosys.a(kill.o)
                                                  d:/gnu tools for arm embedded processors/5.4 2016q3/bin/../lib/gcc/arm-none-eabi/5.4.1/../../../../arm-none-eabi/lib/armv7-m\libnosys.a(getpid.o)
                                                  d:/gnu tools for arm embedded processors/5.4 2016q3/bin/../lib/gcc/arm-none-eabi/5.4.1/../../../../arm-none-eabi/lib/armv7-m\libc_nano.a(lib_a-sbrkr.o)
                                                  d:/gnu tools for arm embedded processors/5.4 2016q3/bin/../lib/gcc/arm-none-eabi/5.4.1/../../../../arm-none-eabi/lib/armv7-m\libc_nano.a(lib_a-signalr.o)
exit                                              d:/gnu tools for arm embedded processors/5.4 2016q3/bin/../lib/gcc/arm-none-eabi/5.4.1/../../../../arm-none-eabi/lib/armv7-m\libc_nano.a(lib_a-exit.o)
                                                  d:/gnu tools for arm embedded processors/5.4 2016q3/bin/../lib/gcc/arm-none-eabi/5.4.1/../../../../arm-none-eabi/lib/armv7-m/crt0.o
g_pfnVectors                                      build/startup_stm32f103xb.o
hardware_init_hook                                d:/gnu tools for arm embedded processors/5.4 2016q3/bin/../lib/gcc/arm-none-eabi/5.4.1/../../../../arm-none-eabi/lib/armv7-m/crt0.o
huart1                                            build/usart.o
                                                  build/RFID_low_level.o
                                                  build/stm32f1xx_it.o
main                                              build/main.o
                                                  build/startup_stm32f103xb.o
                                                  d:/gnu tools for arm embedded processors/5.4 2016q3/bin/../lib/gcc/arm-none-eabi/5.4.1/../../../../arm-none-eabi/lib/armv7-m/crt0.o
memcpy                                            d:/gnu tools for arm embedded processors/5.4 2016q3/bin/../lib/gcc/arm-none-eabi/5.4.1/../../../../arm-none-eabi/lib/armv7-m\libc_nano.a(lib_a-memcpy-stub.o)
                                                  d:/gnu tools for arm embedded processors/5.4 2016q3/bin/../lib/gcc/arm-none-eabi/5.4.1/armv7-m\libgcc.a(unwind-arm.o)
memset                                            d:/gnu tools for arm embedded processors/5.4 2016q3/bin/../lib/gcc/arm-none-eabi/5.4.1/../../../../arm-none-eabi/lib/armv7-m\libc_nano.a(lib_a-memset.o)
                                                  build/main.o
                                                  d:/gnu tools for arm embedded processors/5.4 2016q3/bin/../lib/gcc/arm-none-eabi/5.4.1/../../../../arm-none-eabi/lib/armv7-m/crt0.o
pFlash                                            build/stm32f1xx_hal_flash.o
                                                  build/stm32f1xx_hal_flash_ex.o
raise                                             d:/gnu tools for arm embedded processors/5.4 2016q3/bin/../lib/gcc/arm-none-eabi/5.4.1/../../../../arm-none-eabi/lib/armv7-m\libc_nano.a(lib_a-signal.o)
                                                  d:/gnu tools for arm embedded processors/5.4 2016q3/bin/../lib/gcc/arm-none-eabi/5.4.1/../../../../arm-none-eabi/lib/armv7-m\libc_nano.a(lib_a-abort.o)
restore_core_regs                                 d:/gnu tools for arm embedded processors/5.4 2016q3/bin/../lib/gcc/arm-none-eabi/5.4.1/armv7-m\libgcc.a(libunwind.o)
                                                  d:/gnu tools for arm embedded processors/5.4 2016q3/bin/../lib/gcc/arm-none-eabi/5.4.1/armv7-m\libgcc.a(unwind-arm.o)
signal                                            d:/gnu tools for arm embedded processors/5.4 2016q3/bin/../lib/gcc/arm-none-eabi/5.4.1/../../../../arm-none-eabi/lib/armv7-m\libc_nano.a(lib_a-signal.o)
software_init_hook                                d:/gnu tools for arm embedded processors/5.4 2016q3/bin/../lib/gcc/arm-none-eabi/5.4.1/../../../../arm-none-eabi/lib/armv7-m/crt0.o
uwTick                                            build/stm32f1xx_hal.o
uwTickFreq                                        build/stm32f1xx_hal.o
uwTickPrio                                        build/stm32f1xx_hal.o
                                                  build/stm32f1xx_hal_rcc.o
